cargo :     Checking omni-core v0.1.0 (C:\Users\IKYY\Downloads\Omni\omni-runtime\core)
At line:1 char:1
+ cargo check --manifest-path omni-runtime/core/Cargo.toml 2>&1 > error ...
+ ~~~~~~~~~~~~~~~~~~~~~~~~~~~~~~~~~~~~~~~~~~~~~~~~~~~~~~~~~~~~~~~~~~~~~
    + CategoryInfo          : NotSpecified: (    Checking om...i-runtime\core):String) [], RemoteException
    + FullyQualifiedErrorId : NativeCommandError
 
error[E0425]: cannot find type `OmniIR` in this scope
  --> src\compiler\optimizer.rs:18:43
   |
18 |     pub fn run_all_passes(&self, ir: &mut OmniIR) {
   |                                           ^^^^^^ not found in this scope
   |
help: consider importing this struct through its public re-export
   |
 8 + use crate::compiler::OmniIR;
   |

error[E0425]: cannot find type `OmniIR` in this scope
   --> src\compiler\optimizer.rs:158:55
    |
158 |     fn pass_dead_code_elimination_ir(&self, _ir: &mut OmniIR) {
    |                                                       ^^^^^^ not found in this scope
    |
help: consider importing this struct through its public re-export
    |
  8 + use crate::compiler::OmniIR;
    |

error[E0425]: cannot find type `OmniIR` in this scope
   --> src\compiler\optimizer.rs:164:47
    |
164 |     fn pass_constant_folding(&self, _ir: &mut OmniIR) {
    |                                               ^^^^^^ not found in this scope
    |
help: consider importing this struct through its public re-export
    |
  8 + use crate::compiler::OmniIR;
    |

error[E0425]: cannot find type `OmniIR` in this scope
   --> src\compiler\optimizer.rs:170:49
    |
170 |     fn pass_zero_cost_inlining(&self, _ir: &mut OmniIR) {
    |                                                 ^^^^^^ not found in this scope
    |
help: consider importing this struct through its public re-export
    |
  8 + use crate::compiler::OmniIR;
    |

error[E0425]: cannot find type `OmniIR` in this scope
   --> src\compiler\optimizer.rs:176:46
    |
176 |     fn pass_escape_analysis(&self, _ir: &mut OmniIR) {
    |                                              ^^^^^^ not found in this scope
    |
help: consider importing this struct through its public re-export
    |
  8 + use crate::compiler::OmniIR;
    |

error[E0425]: cannot find type `OmniIR` in this scope
   --> src\compiler\optimizer.rs:182:48
    |
182 |     fn pass_chimera_zero_copy(&self, _ir: &mut OmniIR) {
    |                                                ^^^^^^ not found in this scope
    |
help: consider importing this struct through its public re-export
    |
  8 + use crate::compiler::OmniIR;
    |

warning: unused import: `HashMap`
 --> src\compiler\nexus.rs:1:33
  |
1 | use std::collections::{HashSet, HashMap};
  |                                 ^^^^^^^
  |
  = note: `#[warn(unused_imports)]` (part of `#[warn(unused)]`) on by default

error[E0282]: type annotations needed for `Vec<_>`
  --> src\compiler\optimizer.rs:49:13
   |
49 |         let mut worklist = Vec::new();
   |             ^^^^^^^^^^^^   ---------- type must be known at this point
   |
help: consider giving `worklist` an explicit type, where the type for type parameter `T` is specified
   |
49 |         let mut worklist: Vec<T> = Vec::new();
   |                         ++++++++

Some errors have detailed explanations: E0282, E0425.
For more information about an error, try `rustc --explain E0282`.
warning: `omni-core` (lib) generated 1 warning
error: could not compile `omni-core` (lib) due to 7 previous errors; 1 warning emitted
